{"componentChunkName":"component---src-components-partner-landing-page-vc-template-jsx","path":"/partners/golden/","result":{"pageContext":{"contentfulData":{"urlPath":"golden","refCode":"golden","pageDesign":{"sys":{"space":{"sys":{"type":"Link","linkType":"Space","id":"4wktpwxvwf0o"}},"id":"4bkmcyh4mjAAoMuJnWAZDq","type":"Entry","createdAt":"2019-05-20T22:35:45.331Z","updatedAt":"2019-05-20T22:35:45.331Z","environment":{"sys":{"id":"master","type":"Link","linkType":"Environment"}},"revision":1,"contentType":{"sys":{"type":"Link","linkType":"ContentType","id":"secondTierVc"}},"locale":"en-US"},"fields":{"designId":"Second Tier VC","vcName":"Golden Ventures","supportEmail":"golden@brex.com","brexAffiliateLogo":{"sys":{"space":{"sys":{"type":"Link","linkType":"Space","id":"4wktpwxvwf0o"}},"id":"5iQ7wFZCx329RAu4L8zV7V","type":"Asset","createdAt":"2019-05-20T22:35:39.586Z","updatedAt":"2019-05-20T22:35:39.586Z","environment":{"sys":{"id":"master","type":"Link","linkType":"Environment"}},"revision":1,"locale":"en-US"},"fields":{"title":"Golden","file":{"url":"//images.ctfassets.net/4wktpwxvwf0o/5iQ7wFZCx329RAu4L8zV7V/cca56242016514c67a3c304179b8b349/golden.png","details":{"size":14644,"image":{"width":799,"height":136}},"fileName":"golden.png","contentType":"image/png"}}}}}}}}}